# Verify the output of cue help completion

cue help completion
cmp stdout stdout.golden

-- stdout.golden --
Generate completion script

Usage:
  cue completion [bash zsh fish powershell] [flags]

Examples:

Bash:

$ source <(cue completion bash)

# To load completions for each session, execute once:
Linux:
  $ cue completion bash > /etc/bash_completion.d/cue
MacOS:
  $ cue completion bash > /usr/local/etc/bash_completion.d/cue

Zsh:

$ source <(cue completion zsh)

# To load completions for each session, execute once:
$ cue completion zsh > "${fpath[1]}/_cue"

Fish:

$ cue completion fish | source

# To load completions for each session, execute once:
$ cue completion fish > ~/.config/fish/completions/cue.fish


Flags:
  -h, --help   help for completion

Global Flags:
  -E, --all-errors   print all available errors
  -i, --ignore       proceed in the presence of errors
  -s, --simplify     simplify output
      --strict       report errors for lossy mappings
      --trace        trace computation
  -v, --verbose      print information about progress
